<html>
<body>
<pre>
<h1>礦ision Build Log</h1>
<h2>Tool Versions:</h2>
IDE-Version: μVision V5.14.0.0
Copyright (C) 2015 ARM Ltd and ARM Germany GmbH. All rights reserved.
License Information: Ebenezer Scrooge, LostXmas-2029, LIC=----
 
Tool Versions:
Toolchain:       MDK-Lite  Version: 5.14.0.0
Toolchain Path:  D:\Keil_v5\ARM\ARMCC\Bin
C Compiler:      Armcc.exe V5.05 update 1 (build 106)
Assembler:       Armasm.exe V5.05 update 1 (build 106)
Linker/Locator:  ArmLink.exe V5.05 update 1 (build 106)
Library Manager: ArmAr.exe V5.05 update 1 (build 106)
Hex Converter:   FromElf.exe V5.05 update 1 (build 106)
CPU DLL:         SARMCM3.DLL V5.14.0.0
Dialog DLL:      DCM.DLL V1.13.1.0
Target DLL:      STLink\ST-LINKIII-KEIL_SWO.dll V2.0.14.0_KEIL
Dialog DLL:      TCM.DLL V1.14.4.0
 
<h2>Project:</h2>
C:\Users\16413\Desktop\手势项目\学长提供\array_semg-ADS1298_MCU-master\ADS1298_MCU\test.uvprojx
Project File Date:  06/25/2019

<h2>Output:</h2>
Build target 'test'
compiling main.c...
user\schedule.h(8): warning:  #1295-D: Deprecated declaration delayL - give arg types
  void delayL();
user\main.c(11): warning:  #550-D: variable "r1" was set but never used
        u8 r1, r2, c1, c2;
user\main.c(11): warning:  #550-D: variable "r2" was set but never used
        u8 r1, r2, c1, c2;
user\main.c(11): warning:  #550-D: variable "c1" was set but never used
        u8 r1, r2, c1, c2;
user\main.c(11): warning:  #550-D: variable "c2" was set but never used
        u8 r1, r2, c1, c2;
user\main.c: 5 warnings, 0 errors
linking...
Program Size: Code=6136 RO-data=368 RW-data=24 ZI-data=2656  
FromELF: creating hex file...
".\Objects\test.axf" - 0 Error(s), 5 Warning(s).

<h2>Collection of Component include folders:</h2>
  C:\Users\16413\Desktop\手势项目\学长提供\array_semg-ADS1298_MCU-master\ADS1298_MCU\RTE
  D:\Keil_v5\ARM\PACK\Keil\STM32F1xx_DFP\2.3.0

<h2>Collection of Component Files used:</h2>
</pre>
</body>
</html>
