<html>
<body>
<pre>
<h1>µVision Build Log</h1>
<h2>Tool Versions:</h2>
IDE-Version: ¶ÃVision V5.28.0.0
Copyright (C) 2019 ARM Ltd and ARM Germany GmbH. All rights reserved.
License Information: Ebenezer Scrooge, LostXmas-2029, LIC=585GK-Z32AK-MMF9I-T8S5F-28WH9-L8FGR
 
Tool Versions:
Toolchain:       MDK-ARM Plus  Version: 5.28.0.0
Toolchain Path:  D:\Keil_v5\ARM\ARMCC\Bin
C Compiler:      Armcc.exe V5.06 update 6 (build 750)
Assembler:       Armasm.exe V5.06 update 6 (build 750)
Linker/Locator:  ArmLink.exe V5.06 update 6 (build 750)
Library Manager: ArmAr.exe V5.06 update 6 (build 750)
Hex Converter:   FromElf.exe V5.06 update 6 (build 750)
CPU DLL:         SARMCM3.DLL V5.28.0.0
Dialog DLL:      DCM.DLL V1.17.3.0
Target DLL:      STLink\ST-LINKIII-KEIL_SWO.dll V3.0.6.0
Dialog DLL:      TCM.DLL V1.36.2.0
 
<h2>Project:</h2>
C:\Users\16413\Documents\GitHub\sEMG\ADS1298zt_test\test.uvprojx
Project File Date:  07/04/2019

<h2>Output:</h2>
*** Using Compiler 'V5.06 update 6 (build 750)', folder: 'D:\Keil_v5\ARM\ARMCC\Bin'
Build target 'test'
compiling stm32f10x_it.c...
compiling wifi.c...
user\schedule.h(8): warning:  #1295-D: Deprecated declaration delayL - give arg types
  void delayL();
user\wifi.c(31): warning:  #167-D: argument of type "u8 *" is incompatible with parameter of type "char *"
  	usart1_sendString(cmd);	//∑¢ÀÕ√¸¡Ó
user\wifi.c: 2 warnings, 0 errors
compiling main.c...
user\schedule.h(8): warning:  #1295-D: Deprecated declaration delayL - give arg types
  void delayL();
user\main.c(11): warning:  #550-D: variable "r1"  was set but never used
  	u8 r1, r2, c1, c2;
user\main.c(11): warning:  #550-D: variable "r2"  was set but never used
  	u8 r1, r2, c1, c2;
user\main.c(11): warning:  #550-D: variable "c1"  was set but never used
  	u8 r1, r2, c1, c2;
user\main.c(11): warning:  #550-D: variable "c2"  was set but never used
  	u8 r1, r2, c1, c2;
user\main.c: 5 warnings, 0 errors
compiling spi.c...
user\spi.c(140): warning:  #1-D: last line of file ends without a newline
  	
user\spi.c: 1 warning, 0 errors
compiling schedule.c...
user\schedule.h(8): warning:  #1295-D: Deprecated declaration delayL - give arg types
  void delayL();
user\schedule.c(54): warning:  #1-D: last line of file ends without a newline
  }
user\schedule.c: 2 warnings, 0 errors
compiling usart.c...
user\schedule.h(8): warning:  #1295-D: Deprecated declaration delayL - give arg types
  void delayL();
user\usart.c(270): warning:  #1-D: last line of file ends without a newline
  }
user\usart.c: 2 warnings, 0 errors
compiling ads1298.c...
user\schedule.h(8): warning:  #1295-D: Deprecated declaration delayL - give arg types
  void delayL();
user\ads1298.c(133): warning:  #177-D: variable "n"  was declared but never referenced
  	int r=-1,n=1;
user\ads1298.c: 2 warnings, 0 errors
assembling startup_stm32f10x_cl.s...
compiling core_cm3.c...
compiling misc.c...
compiling system_stm32f10x.c...
compiling stm32f10x_bkp.c...
compiling stm32f10x_cec.c...
compiling stm32f10x_adc.c...
compiling stm32f10x_can.c...
compiling stm32f10x_crc.c...
compiling stm32f10x_dbgmcu.c...
compiling stm32f10x_dac.c...
compiling stm32f10x_dma.c...
compiling stm32f10x_exti.c...
compiling stm32f10x_fsmc.c...
compiling stm32f10x_flash.c...
compiling stm32f10x_gpio.c...
compiling stm32f10x_pwr.c...
compiling stm32f10x_i2c.c...
compiling stm32f10x_rtc.c...
compiling stm32f10x_rcc.c...
compiling stm32f10x_sdio.c...
compiling stm32f10x_spi.c...
compiling stm32f10x_tim.c...
compiling stm32f10x_wwdg.c...
compiling stm32f10x_usart.c...
linking...
Program Size: Code=6144 RO-data=368 RW-data=24 ZI-data=2656  
FromELF: creating hex file...
".\Objects\test.axf" - 0 Error(s), 14 Warning(s).

<h2>Software Packages used:</h2>

Package Vendor: Keil
                http://www.keil.com/pack/Keil.STM32F1xx_DFP.2.3.0.pack
                Keil.STM32F1xx_DFP.2.3.0
                STMicroelectronics STM32F1 Series Device Support, Drivers and Examples

<h2>Collection of Component include folders:</h2>
  .\RTE\_test
  D:\Keil_v5\ARM\PACK\Keil\STM32F1xx_DFP\2.3.0\Device\Include

<h2>Collection of Component Files used:</h2>
Build Time Elapsed:  00:00:02
</pre>
</body>
</html>
